r5	Materialize evaluator and freeze lock before data access	2026-07-18T23:43:58.3986347Z   pythonLocation: /opt/hostedtoolcache/Python/3.11.15/x64
r5	Materialize evaluator and freeze lock before data access	2026-07-18T23:43:58.3986752Z   PKG_CONFIG_PATH: /opt/hostedtoolcache/Python/3.11.15/x64/lib/pkgconfig
r5	Materialize evaluator and freeze lock before data access	2026-07-18T23:43:58.3987165Z   Python_ROOT_DIR: /opt/hostedtoolcache/Python/3.11.15/x64
r5	Materialize evaluator and freeze lock before data access	2026-07-18T23:43:58.3987528Z   Python2_ROOT_DIR: /opt/hostedtoolcache/Python/3.11.15/x64
r5	Materialize evaluator and freeze lock before data access	2026-07-18T23:43:58.3987902Z   Python3_ROOT_DIR: /opt/hostedtoolcache/Python/3.11.15/x64
r5	Materialize evaluator and freeze lock before data access	2026-07-18T23:43:58.3988274Z   LD_LIBRARY_PATH: /opt/hostedtoolcache/Python/3.11.15/x64/lib
r5	Materialize evaluator and freeze lock before data access	2026-07-18T23:43:58.3988588Z ##[endgroup]
r5	Materialize evaluator and freeze lock before data access	2026-07-18T23:43:58.4380035Z Traceback (most recent call last):
r5	Materialize evaluator and freeze lock before data access	2026-07-18T23:43:58.4388636Z   File "<stdin>", line 12, in <module>
r5	Materialize evaluator and freeze lock before data access	2026-07-18T23:43:58.4389213Z AssertionError
r5	Materialize evaluator and freeze lock before data access	2026-07-18T23:43:58.4446376Z ##[error]Process completed with exit code 1.
r5	Upload R5 artifact	﻿2026-07-18T23:43:58.4752300Z Node 20 is being deprecated. This workflow is running with Node 24 by default. If you need to temporarily use Node 20, you can set the ACTIONS_ALLOW_USE_UNSECURE_NODE_VERSION=true environment variable. For more information see: https://github.blog/changelog/2025-09-19-deprecation-of-node-20-on-github-actions-runners/
r5	Upload R5 artifact	2026-07-18T23:43:58.4753597Z ##[group]Run actions/upload-artifact@v4
r5	Upload R5 artifact	2026-07-18T23:43:58.4753866Z with:
r5	Upload R5 artifact	2026-07-18T23:43:58.4754143Z   name: usdjpy-r5-controlled-exit-v1-29665727132
r5	Upload R5 artifact	2026-07-18T23:43:58.4754497Z   path: data/experiments/usdjpy_r5_controlled_exit_v1/**
r5	Upload R5 artifact	2026-07-18T23:43:58.4755176Z   if-no-files-found: error
r5	Upload R5 artifact	2026-07-18T23:43:58.4755418Z   retention-days: 90
r5	Upload R5 artifact	2026-07-18T23:43:58.4755627Z   compression-level: 6
r5	Upload R5 artifact	2026-07-18T23:43:58.4755833Z   overwrite: false
r5	Upload R5 artifact	2026-07-18T23:43:58.4756044Z   include-hidden-files: false
r5	Upload R5 artifact	2026-07-18T23:43:58.4756262Z env:
r5	Upload R5 artifact	2026-07-18T23:43:58.4756520Z   CONFIG_PATH: configs/research/usdjpy_r5_controlled_exit_v1.json
r5	Upload R5 artifact	2026-07-18T23:43:58.4756943Z   LOCK_PATH: configs/research/usdjpy_r5_controlled_exit_lock_v1.json
r5	Upload R5 artifact	2026-07-18T23:43:58.4757377Z   OUTPUT_DIR: data/experiments/usdjpy_r5_controlled_exit_v1
r5	Upload R5 artifact	2026-07-18T23:43:58.4757758Z   pythonLocation: /opt/hostedtoolcache/Python/3.11.15/x64
r5	Upload R5 artifact	2026-07-18T23:43:58.4758167Z   PKG_CONFIG_PATH: /opt/hostedtoolcache/Python/3.11.15/x64/lib/pkgconfig
r5	Upload R5 artifact	2026-07-18T23:43:58.4758580Z   Python_ROOT_DIR: /opt/hostedtoolcache/Python/3.11.15/x64
r5	Upload R5 artifact	2026-07-18T23:43:58.4758959Z   Python2_ROOT_DIR: /opt/hostedtoolcache/Python/3.11.15/x64
r5	Upload R5 artifact	2026-07-18T23:43:58.4759343Z   Python3_ROOT_DIR: /opt/hostedtoolcache/Python/3.11.15/x64
r5	Upload R5 artifact	2026-07-18T23:43:58.4759727Z   LD_LIBRARY_PATH: /opt/hostedtoolcache/Python/3.11.15/x64/lib
r5	Upload R5 artifact	2026-07-18T23:43:58.4760070Z ##[endgroup]
r5	Upload R5 artifact	2026-07-18T23:43:58.6401154Z (node:2310) [DEP0040] DeprecationWarning: The `punycode` module is deprecated. Please use a userland alternative instead.
r5	Upload R5 artifact	2026-07-18T23:43:58.6402168Z (Use `node --trace-deprecation ...` to show where the warning was created)
r5	Upload R5 artifact	2026-07-18T23:43:58.6433344Z ##[error]No files were found with the provided path: data/experiments/usdjpy_r5_controlled_exit_v1/**. No artifacts will be uploaded.
